--------------------------------------------------------------------------------
Release 14.7 Trace  (lin64)
Copyright (c) 1995-2013 Xilinx, Inc.  All rights reserved.

/opt/Xilinx/14.7/ISE_DS/ISE/bin/lin64/unwrapped/trce -intstyle ise -v 3 -s 3 -n
3 -fastpaths -xml RegisterBank.twx RegisterBank.ncd -o RegisterBank.twr
RegisterBank.pcf

Design file:              RegisterBank.ncd
Physical constraint file: RegisterBank.pcf
Device,package,speed:     xc6slx9,ftg256,C,-3 (PRODUCTION 1.23 2013-10-13)
Report level:             verbose report

Environment Variable      Effect 
--------------------      ------ 
NONE                      No environment variables were set
--------------------------------------------------------------------------------

INFO:Timing:2698 - No timing constraints found, doing default enumeration.
INFO:Timing:3412 - To improve timing, see the Timing Closure User Guide (UG612).
INFO:Timing:2752 - To get complete path coverage, use the unconstrained paths 
   option. All paths that are not constrained will be reported in the 
   unconstrained paths section(s) of the report.
INFO:Timing:3339 - The clock-to-out numbers in this timing report are based on 
   a 50 Ohm transmission line loading model.  For the details of this model, 
   and for more information on accounting for different loading conditions, 
   please see the device datasheet.



Data Sheet report:
-----------------
All values displayed in nanoseconds (ns)

Pad to Pad
---------------+-------------------+---------+
Source Pad     |Destination Pad    |  Delay  |
---------------+-------------------+---------+
destination<0> |registerAddress<0> |    6.785|
destination<0> |registerAddress<1> |    7.214|
destination<0> |registerAddress<2> |    6.991|
destination<0> |registerAddress<3> |    6.834|
destination<0> |registerAddress<4> |    6.810|
destination<0> |registerAddress<5> |    6.864|
destination<0> |registerAddress<6> |    7.271|
destination<0> |registerAddress<7> |    7.102|
destination<0> |registerAddress<8> |    7.286|
destination<0> |registerAddress<9> |    7.229|
destination<0> |registerAddress<10>|    7.097|
destination<0> |registerAddress<11>|    7.361|
destination<0> |registerAddress<12>|    7.441|
destination<0> |registerAddress<13>|    7.567|
destination<0> |registerAddress<14>|    7.312|
destination<0> |registerAddress<15>|    7.170|
destination<1> |registerAddress<0> |    6.667|
destination<1> |registerAddress<1> |    7.061|
destination<1> |registerAddress<2> |    7.126|
destination<1> |registerAddress<3> |    6.969|
destination<1> |registerAddress<4> |    6.758|
destination<1> |registerAddress<5> |    6.812|
destination<1> |registerAddress<6> |    7.491|
destination<1> |registerAddress<7> |    7.322|
destination<1> |registerAddress<8> |    7.583|
destination<1> |registerAddress<9> |    7.526|
destination<1> |registerAddress<10>|    6.979|
destination<1> |registerAddress<11>|    7.137|
destination<1> |registerAddress<12>|    7.217|
destination<1> |registerAddress<13>|    7.266|
destination<1> |registerAddress<14>|    7.011|
destination<1> |registerAddress<15>|    7.017|
destination<2> |registerAddress<0> |    6.713|
destination<2> |registerAddress<1> |    6.640|
destination<2> |registerAddress<2> |    6.891|
destination<2> |registerAddress<3> |    6.734|
destination<2> |registerAddress<4> |    6.937|
destination<2> |registerAddress<5> |    6.991|
destination<2> |registerAddress<6> |    7.225|
destination<2> |registerAddress<7> |    7.056|
destination<2> |registerAddress<8> |    7.483|
destination<2> |registerAddress<9> |    7.426|
destination<2> |registerAddress<10>|    7.025|
destination<2> |registerAddress<11>|    7.355|
destination<2> |registerAddress<12>|    7.435|
destination<2> |registerAddress<13>|    7.561|
destination<2> |registerAddress<14>|    7.306|
destination<2> |registerAddress<15>|    6.596|
destination<3> |registerAddress<0> |    6.533|
destination<3> |registerAddress<1> |    6.751|
destination<3> |registerAddress<2> |    6.697|
destination<3> |registerAddress<3> |    6.540|
destination<3> |registerAddress<4> |    6.692|
destination<3> |registerAddress<5> |    6.746|
destination<3> |registerAddress<6> |    7.341|
destination<3> |registerAddress<7> |    7.172|
destination<3> |registerAddress<8> |    7.098|
destination<3> |registerAddress<9> |    7.041|
destination<3> |registerAddress<10>|    6.845|
destination<3> |registerAddress<11>|    6.952|
destination<3> |registerAddress<12>|    7.032|
destination<3> |registerAddress<13>|    7.192|
destination<3> |registerAddress<14>|    6.937|
destination<3> |registerAddress<15>|    6.707|
---------------+-------------------+---------+


Analysis completed Sat Nov 13 10:56:59 2021 
--------------------------------------------------------------------------------

Trace Settings:
-------------------------
Trace Settings 

Peak Memory Usage: 369 MB



